AST:
LIST: ;
	AND_OR: &&
		SIMPLE_COMMAND: a
		SIMPLE_COMMAND: b
	AND_OR: ||
		SIMPLE_COMMAND: c
		SIMPLE_COMMAND: d
