AST:
AND_OR: ||
	AND_OR: ||
		AND_OR: ||
			SIMPLE_COMMAND: a
			SIMPLE_COMMAND: b
		SIMPLE_COMMAND: c
	SIMPLE_COMMAND: d
