AST:
SUBSHELL: ()
	TERM: ;
		TERM: ;
			SIMPLE_COMMAND: a
			SIMPLE_COMMAND: b
		SIMPLE_COMMAND: c
