AST:
PIPE_SEQUENCE: |
	PIPE_SEQUENCE: |
		PIPE_SEQUENCE: |
			SIMPLE_COMMAND: a
			SIMPLE_COMMAND: b
		SIMPLE_COMMAND: c
	SIMPLE_COMMAND: d
