AST:
SUBSHELL: ()
	TERM: ;
		SIMPLE_COMMAND: a
		SIMPLE_COMMAND: b
