AST:
AND_OR: &&
	SIMPLE_COMMAND: 1
	PIPE_SEQUENCE: |
		SIMPLE_COMMAND: 2
		SIMPLE_COMMAND: 3
