AST:
COMPLETE_COMMANDS: \n
	COMPLETE_COMMANDS: \n
		COMPLETE_COMMANDS: \n
			SIMPLE_COMMAND: a
			SIMPLE_COMMAND: b
		SIMPLE_COMMAND: c
	SIMPLE_COMMAND: d
