AST:
LIST: ;
	AND_OR: ||
		AND_OR: &&
			AND_OR: ||
				SIMPLE_COMMAND: a
				SIMPLE_COMMAND: b
			SIMPLE_COMMAND: c
		SIMPLE_COMMAND: d
	AND_OR: &&
		AND_OR: ||
			AND_OR: &&
				SIMPLE_COMMAND: e
				SIMPLE_COMMAND: f
			SIMPLE_COMMAND: g
		SIMPLE_COMMAND: h
