AST:
SUBSHELL: ()
	TERM: ;
		TERM: ;
			SIMPLE_COMMAND: echo
				args#1: a
			SIMPLE_COMMAND: echo
				args#1: b
		SIMPLE_COMMAND: echo
			args#1: c
a
b
c
